// Jest Snapshot v1, https://goo.gl/fbAQLP

exports[`matches the snapshot when loading 1`] = `
.c0 {
  outline: none;
  margin: 0;
  font-family: inherit;
  overflow: visible;
  text-transform: none;
  display: inline-block;
  font-weight: 400;
  text-align: center;
  vertical-align: middle;
  -webkit-user-select: none;
  -moz-user-select: none;
  -ms-user-select: none;
  -webkit-user-select: none;
  -moz-user-select: none;
  -ms-user-select: none;
  user-select: none;
  background-color: transparent;
  border: 1px solid transparent;
  -webkit-transition: color 0.15s ease-in-out,background-color 0.15s ease-in-out, border-color 0.15s ease-in-out,box-shadow 0.15s ease-in-out;
  transition: color 0.15s ease-in-out,background-color 0.15s ease-in-out, border-color 0.15s ease-in-out,box-shadow 0.15s ease-in-out;
}

.c0::-webkit-file-upload-button {
  font: inherit;
  -webkit-appearance: button;
}

.c0 [type='button'],
.c0 [type='reset'],
.c0 [type='submit'] {
  -webkit-appearance: button;
}

.c0:not(:disabled),
.c0 [type='button']:not(:disabled),
.c0 [type='reset']:not(:disabled),
.c0 [type='submit']:not(:disabled) {
  cursor: pointer;
}

.c0::-moz-focus-inner,
.c0 [type='button']::-moz-focus-inner,
.c0 [type='reset']::-moz-focus-inner,
.c0 [type='submit']::-moz-focus-inner {
  padding: 0;
  border-style: none;
}

.c0:disabled {
  cursor: not-allowed;
}

.c0 {
  padding: 0.375rem 0.75rem;
  font-size: 1rem;
  line-height: 1.5;
  border-radius: 0.25rem;
}

.c0 {
  background-color: #2D23A7;
  color: #FFFFFF;
  border-color: 'transparent';
}

.c0:hover,
.c0:active,
.c0:focus {
  background-color: #14195E;
  color: #FFFFFF;
  border-color: 'transparent';
}

.c0:disabled {
  background-color: #4C54D2;
}

<form
  class="mt-4"
>
  <div
    class="px-5 form-group"
  >
    <p
      class="text-secondary pb-3"
    >
      You can access your wallet with private key.
    </p>
    <label
      class=""
      for="privateKey"
    >
      <small>
        <b>
          Private Key
        </b>
      </small>
    </label>
    <input
      autocomplete="off"
      class="form-control"
      data-testid="privateKey"
      id="private-key"
      maxlength="64"
      name="privateKey"
      placeholder="Enter the private key"
      type="text"
      value=""
    />
    <div
      class="invalid-feedback"
    >
      invalid private key
    </div>
    <div
      class="valid-feedback"
    >
      valid private key
    </div>
  </div>
  <br />
  <div
    class="mx-4 px-5 form-group"
  >
    <label
      class=""
    >
      <input
        class="form-check-input"
        type="checkbox"
      />
       
      <small
        class="text-danger"
        data-testid="disclaimer"
      >
        This is Zilliqa Testnet wallet. Do not send any interim ERC-20 ZIL tokens or Mainnet tokens to this wallet. You are solely responsible for your account funds.
      </small>
    </label>
  </div>
  <div
    class="text-center"
  >
    <button
      aria-label="Access"
      class="c0"
      disabled=""
      type="submit"
    >
       
      Access
       
    </button>
  </div>
</form>
`;
